2026-05-16 11:35:14,917 - wfp_to_parquet - INFO - Ricerca CSV in: C:\Dev\Master\00_Progettone\World_Food_Prices\data\raw_food_prices
2026-05-16 11:35:14,917 - wfp_to_parquet - INFO - Elaborazione: global_food_2007.csv
2026-05-16 11:35:16,223 - wfp_to_parquet - INFO - Elaborazione: global_food_2008.csv
2026-05-16 11:35:17,467 - wfp_to_parquet - INFO - Elaborazione: global_food_2009.csv
2026-05-16 11:35:18,660 - wfp_to_parquet - INFO - Elaborazione: global_food_2010.csv
2026-05-16 11:35:19,902 - wfp_to_parquet - INFO - Elaborazione: global_food_2011.csv
2026-05-16 11:35:21,175 - wfp_to_parquet - INFO - Elaborazione: global_food_2012.csv
2026-05-16 11:35:22,472 - wfp_to_parquet - INFO - Elaborazione: global_food_2013.csv
2026-05-16 11:35:23,742 - wfp_to_parquet - INFO - Elaborazione: global_food_2014.csv
2026-05-16 11:35:25,021 - wfp_to_parquet - INFO - Elaborazione: global_food_2015.csv
2026-05-16 11:35:26,293 - wfp_to_parquet - INFO - Elaborazione: global_food_2016.csv
2026-05-16 11:35:27,583 - wfp_to_parquet - INFO - Elaborazione: global_food_2017.csv
2026-05-16 11:35:29,160 - wfp_to_parquet - INFO - Elaborazione: global_food_2018.csv
2026-05-16 11:35:30,591 - wfp_to_parquet - INFO - Elaborazione: global_food_2019.csv
2026-05-16 11:35:32,133 - wfp_to_parquet - INFO - Elaborazione: global_food_2020.csv
2026-05-16 11:35:33,542 - wfp_to_parquet - INFO - Elaborazione: global_food_2021.csv
2026-05-16 11:35:34,884 - wfp_to_parquet - INFO - Elaborazione: global_food_2022.csv
2026-05-16 11:35:36,240 - wfp_to_parquet - INFO - Elaborazione: global_food_2023.csv
2026-05-16 11:35:37,553 - wfp_to_parquet - INFO - Elaborazione: global_food_2024.csv
2026-05-16 11:35:38,899 - wfp_to_parquet - INFO - Elaborazione: global_food_2025.csv
2026-05-16 11:35:40,210 - wfp_to_parquet - INFO - Elaborazione: global_food_2026.csv
2026-05-16 11:35:40,596 - wfp_to_parquet - INFO - Concatenazione di 20 file in corso...
2026-05-16 11:35:49,955 - wfp_to_parquet - INFO - Salvataggio Parquet... (richiede qualche secondo)
2026-05-16 11:37:09,170 - libs.multi_country_manager - INFO - Caricamento Parquet: wfp_consolidated.parquet
2026-05-16 11:37:29,887 - libs.multi_country_manager - WARNING - Pandera non installato. Validazione schema saltata (pip install pandera).
2026-05-16 11:37:29,988 - libs.multi_country_manager - INFO - Istanziazione manager: 40 paesi unici rilevati.
2026-05-16 11:37:30,085 - libs.country_entity - INFO - Inizializzata Entità: Afghanistan (AFG) -> 9512 record.
2026-05-16 11:37:30,145 - libs.country_entity - INFO - Inizializzata Entità: Armenia (ARM) -> 3248 record.
2026-05-16 11:37:30,327 - libs.country_entity - INFO - Inizializzata Entità: Burundi (BDI) -> 17400 record.
2026-05-16 11:37:30,488 - libs.country_entity - INFO - Inizializzata Entità: Burkina Faso (BFA) -> 15080 record.
2026-05-16 11:37:30,654 - libs.country_entity - INFO - Inizializzata Entità: Bangladesh (BGD) -> 17863 record.
2026-05-16 11:37:30,774 - libs.country_entity - INFO - Inizializzata Entità: Central African Republic (CAF) -> 9976 record.
2026-05-16 11:37:30,932 - libs.country_entity - INFO - Inizializzata Entità: Cameroon (CMR) -> 19488 record.
2026-05-16 11:37:31,332 - libs.country_entity - INFO - Inizializzata Entità: Congo, Dem. Rep. (COD) -> 47559 record.
2026-05-16 11:37:31,647 - libs.country_entity - INFO - Inizializzata Entità: Ethiopia (ETH) -> 29927 record.
2026-05-16 11:37:31,733 - libs.country_entity - INFO - Inizializzata Entità: Gambia, The (GMB) -> 6728 record.
2026-05-16 11:37:31,882 - libs.country_entity - INFO - Inizializzata Entità: Guinea-Bissau (GNB) -> 10672 record.
2026-05-16 11:37:31,936 - libs.country_entity - INFO - Inizializzata Entità: Guatemala (GTM) -> 1160 record.
2026-05-16 11:37:32,137 - libs.country_entity - INFO - Inizializzata Entità: Haiti (HTI) -> 3016 record.
2026-05-16 11:37:32,967 - libs.country_entity - INFO - Inizializzata Entità: Indonesia (IDN) -> 51735 record.
2026-05-16 11:37:33,736 - libs.country_entity - INFO - Inizializzata Entità: Kenya (KEN) -> 54287 record.
2026-05-16 11:37:33,934 - libs.country_entity - INFO - Inizializzata Entità: Lao PDR (LAO) -> 4176 record.
2026-05-16 11:37:34,217 - libs.country_entity - INFO - Inizializzata Entità: Liberia (LBR) -> 6263 record.
2026-05-16 11:37:34,428 - libs.country_entity - INFO - Inizializzata Entità: Sri Lanka (LKA) -> 10208 record.
2026-05-16 11:37:35,552 - libs.country_entity - INFO - Inizializzata Entità: Madagascar (MDG) -> 108806 record.
2026-05-16 11:37:35,968 - libs.country_entity - INFO - Inizializzata Entità: Mali (MLI) -> 30624 record.
2026-05-16 11:37:36,932 - libs.country_entity - INFO - Inizializzata Entità: Myanmar (MMR) -> 67278 record.
2026-05-16 11:37:37,202 - libs.country_entity - INFO - Inizializzata Entità: Mozambique (MOZ) -> 23432 record.
2026-05-16 11:37:37,317 - libs.country_entity - INFO - Inizializzata Entità: Mauritania (MRT) -> 8120 record.
2026-05-16 11:37:37,649 - libs.country_entity - INFO - Inizializzata Entità: Malawi (MWI) -> 30159 record.
2026-05-16 11:37:38,337 - libs.country_entity - INFO - Inizializzata Entità: Niger (NER) -> 18560 record.
2026-05-16 11:37:38,593 - libs.country_entity - INFO - Inizializzata Entità: Nigeria (NGA) -> 17168 record.
2026-05-16 11:37:38,963 - libs.country_entity - INFO - Inizializzata Entità: Philippines (PHL) -> 25079 record.
2026-05-16 11:37:39,034 - libs.country_entity - INFO - Inizializzata Entità: Sudan (SDN) -> 4640 record.
2026-05-16 11:37:39,205 - libs.country_entity - INFO - Inizializzata Entità: Senegal (SEN) -> 15080 record.
2026-05-16 11:37:39,339 - libs.country_entity - INFO - Inizializzata Entità: Somalia (SOM) -> 10672 record.
2026-05-16 11:37:39,528 - libs.country_entity - INFO - Inizializzata Entità: South Sudan (SSD) -> 9279 record.
2026-05-16 11:37:39,811 - libs.country_entity - INFO - Inizializzata Entità: Chad (TCD) -> 17168 record.
2026-05-16 11:37:40,080 - libs.country_entity - INFO - Inizializzata Entità: Uganda (UGA) -> 10208 record.
2026-05-16 11:37:41,139 - libs.country_entity - INFO - Inizializzata Entità: Guinea (GIN) -> 4620 record.
2026-05-16 11:37:41,389 - libs.country_entity - INFO - Inizializzata Entità: Yemen, Rep. (YEM) -> 5174 record.
2026-05-16 11:37:41,619 - libs.country_entity - INFO - Inizializzata Entità: Congo, Rep. (COG) -> 2576 record.
2026-05-16 11:37:41,813 - libs.country_entity - INFO - Inizializzata Entità: Syrian Arab Republic (SYR) -> 17640 record.
2026-05-16 11:37:41,872 - libs.country_entity - INFO - Inizializzata Entità: Iraq (IRQ) -> 3440 record.
2026-05-16 11:37:41,938 - libs.country_entity - INFO - Inizializzata Entità: Lebanon (LBN) -> 4816 record.
2026-05-16 11:37:42,000 - libs.country_entity - INFO - Inizializzata Entità: Libya (LBY) -> 4704 record.
2026-05-16 11:41:16,224 - libs.multi_country_manager - INFO - Caricamento Parquet: wfp_consolidated.parquet
2026-05-16 11:41:20,269 - libs.multi_country_manager - WARNING - Pandera non installato. Validazione schema saltata (pip install pandera).
2026-05-16 11:41:20,368 - libs.multi_country_manager - INFO - Istanziazione manager: 40 paesi unici rilevati.
2026-05-16 11:41:20,464 - libs.country_entity - INFO - Inizializzata Entità: Afghanistan (AFG) -> 9512 record.
2026-05-16 11:41:20,512 - libs.country_entity - INFO - Inizializzata Entità: Armenia (ARM) -> 3248 record.
2026-05-16 11:41:20,666 - libs.country_entity - INFO - Inizializzata Entità: Burundi (BDI) -> 17400 record.
2026-05-16 11:41:20,807 - libs.country_entity - INFO - Inizializzata Entità: Burkina Faso (BFA) -> 15080 record.
2026-05-16 11:41:20,965 - libs.country_entity - INFO - Inizializzata Entità: Bangladesh (BGD) -> 17863 record.
2026-05-16 11:41:21,084 - libs.country_entity - INFO - Inizializzata Entità: Central African Republic (CAF) -> 9976 record.
2026-05-16 11:41:21,259 - libs.country_entity - INFO - Inizializzata Entità: Cameroon (CMR) -> 19488 record.
2026-05-16 11:41:21,710 - libs.country_entity - INFO - Inizializzata Entità: Congo, Dem. Rep. (COD) -> 47559 record.
2026-05-16 11:41:21,988 - libs.country_entity - INFO - Inizializzata Entità: Ethiopia (ETH) -> 29927 record.
2026-05-16 11:41:22,082 - libs.country_entity - INFO - Inizializzata Entità: Gambia, The (GMB) -> 6728 record.
2026-05-16 11:41:22,199 - libs.country_entity - INFO - Inizializzata Entità: Guinea-Bissau (GNB) -> 10672 record.
2026-05-16 11:41:22,248 - libs.country_entity - INFO - Inizializzata Entità: Guatemala (GTM) -> 1160 record.
2026-05-16 11:41:22,301 - libs.country_entity - INFO - Inizializzata Entità: Haiti (HTI) -> 3016 record.
2026-05-16 11:41:22,847 - libs.country_entity - INFO - Inizializzata Entità: Indonesia (IDN) -> 51735 record.
2026-05-16 11:41:23,443 - libs.country_entity - INFO - Inizializzata Entità: Kenya (KEN) -> 54287 record.
2026-05-16 11:41:23,669 - libs.country_entity - INFO - Inizializzata Entità: Lao PDR (LAO) -> 4176 record.
2026-05-16 11:41:23,956 - libs.country_entity - INFO - Inizializzata Entità: Liberia (LBR) -> 6263 record.
2026-05-16 11:41:24,082 - libs.country_entity - INFO - Inizializzata Entità: Sri Lanka (LKA) -> 10208 record.
2026-05-16 11:41:25,665 - libs.country_entity - INFO - Inizializzata Entità: Madagascar (MDG) -> 108806 record.
2026-05-16 11:41:26,460 - libs.country_entity - INFO - Inizializzata Entità: Mali (MLI) -> 30624 record.
2026-05-16 11:41:27,176 - libs.country_entity - INFO - Inizializzata Entità: Myanmar (MMR) -> 67278 record.
2026-05-16 11:41:27,457 - libs.country_entity - INFO - Inizializzata Entità: Mozambique (MOZ) -> 23432 record.
2026-05-16 11:41:27,568 - libs.country_entity - INFO - Inizializzata Entità: Mauritania (MRT) -> 8120 record.
2026-05-16 11:41:27,892 - libs.country_entity - INFO - Inizializzata Entità: Malawi (MWI) -> 30159 record.
2026-05-16 11:41:28,250 - libs.country_entity - INFO - Inizializzata Entità: Niger (NER) -> 18560 record.
2026-05-16 11:41:28,459 - libs.country_entity - INFO - Inizializzata Entità: Nigeria (NGA) -> 17168 record.
2026-05-16 11:41:28,772 - libs.country_entity - INFO - Inizializzata Entità: Philippines (PHL) -> 25079 record.
2026-05-16 11:41:28,861 - libs.country_entity - INFO - Inizializzata Entità: Sudan (SDN) -> 4640 record.
2026-05-16 11:41:29,190 - libs.country_entity - INFO - Inizializzata Entità: Senegal (SEN) -> 15080 record.
2026-05-16 11:41:29,509 - libs.country_entity - INFO - Inizializzata Entità: Somalia (SOM) -> 10672 record.
2026-05-16 11:41:29,885 - libs.country_entity - INFO - Inizializzata Entità: South Sudan (SSD) -> 9279 record.
2026-05-16 11:41:30,349 - libs.country_entity - INFO - Inizializzata Entità: Chad (TCD) -> 17168 record.
2026-05-16 11:41:30,700 - libs.country_entity - INFO - Inizializzata Entità: Uganda (UGA) -> 10208 record.
2026-05-16 11:41:30,986 - libs.country_entity - INFO - Inizializzata Entità: Guinea (GIN) -> 4620 record.
2026-05-16 11:41:31,208 - libs.country_entity - INFO - Inizializzata Entità: Yemen, Rep. (YEM) -> 5174 record.
2026-05-16 11:41:31,325 - libs.country_entity - INFO - Inizializzata Entità: Congo, Rep. (COG) -> 2576 record.
2026-05-16 11:41:31,535 - libs.country_entity - INFO - Inizializzata Entità: Syrian Arab Republic (SYR) -> 17640 record.
2026-05-16 11:41:31,730 - libs.country_entity - INFO - Inizializzata Entità: Iraq (IRQ) -> 3440 record.
2026-05-16 11:41:31,864 - libs.country_entity - INFO - Inizializzata Entità: Lebanon (LBN) -> 4816 record.
2026-05-16 11:41:31,984 - libs.country_entity - INFO - Inizializzata Entità: Libya (LBY) -> 4704 record.
2026-05-16 11:41:55,609 - libs.wfp_plots - INFO - Motore grafico Altair inizializzato.
2026-05-16 11:41:55,876 - libs.wfp_plots - INFO - Generazione chart inflazione per 3 nazioni.
2026-05-16 11:41:56,140 - libs.wfp_plots - INFO - Generazione chart commodity wheat.
2026-05-16 12:00:11,321 - libs.multi_country_manager - INFO - Caricamento Parquet: wfp_consolidated.parquet
2026-05-16 12:00:18,950 - libs.multi_country_manager - WARNING - Pandera non installato. Validazione schema saltata (pip install pandera).
2026-05-16 12:00:19,193 - libs.multi_country_manager - INFO - Istanziazione manager: 40 paesi unici rilevati.
2026-05-16 12:00:19,467 - libs.country_entity - INFO - Inizializzata Entità: Afghanistan (AFG) -> 9512 record.
2026-05-16 12:00:19,541 - libs.country_entity - INFO - Inizializzata Entità: Armenia (ARM) -> 3248 record.
2026-05-16 12:00:19,820 - libs.country_entity - INFO - Inizializzata Entità: Burundi (BDI) -> 17400 record.
2026-05-16 12:00:20,133 - libs.country_entity - INFO - Inizializzata Entità: Burkina Faso (BFA) -> 15080 record.
2026-05-16 12:00:20,421 - libs.country_entity - INFO - Inizializzata Entità: Bangladesh (BGD) -> 17863 record.
2026-05-16 12:00:20,661 - libs.country_entity - INFO - Inizializzata Entità: Central African Republic (CAF) -> 9976 record.
2026-05-16 12:00:20,992 - libs.country_entity - INFO - Inizializzata Entità: Cameroon (CMR) -> 19488 record.
2026-05-16 12:00:21,699 - libs.country_entity - INFO - Inizializzata Entità: Congo, Dem. Rep. (COD) -> 47559 record.
2026-05-16 12:00:22,014 - libs.country_entity - INFO - Inizializzata Entità: Ethiopia (ETH) -> 29927 record.
2026-05-16 12:00:22,126 - libs.country_entity - INFO - Inizializzata Entità: Gambia, The (GMB) -> 6728 record.
2026-05-16 12:00:22,255 - libs.country_entity - INFO - Inizializzata Entità: Guinea-Bissau (GNB) -> 10672 record.
2026-05-16 12:00:22,301 - libs.country_entity - INFO - Inizializzata Entità: Guatemala (GTM) -> 1160 record.
2026-05-16 12:00:22,369 - libs.country_entity - INFO - Inizializzata Entità: Haiti (HTI) -> 3016 record.
2026-05-16 12:00:23,391 - libs.country_entity - INFO - Inizializzata Entità: Indonesia (IDN) -> 51735 record.
2026-05-16 12:00:23,991 - libs.country_entity - INFO - Inizializzata Entità: Kenya (KEN) -> 54287 record.
2026-05-16 12:00:24,089 - libs.country_entity - INFO - Inizializzata Entità: Lao PDR (LAO) -> 4176 record.
2026-05-16 12:00:24,190 - libs.country_entity - INFO - Inizializzata Entità: Liberia (LBR) -> 6263 record.
2026-05-16 12:00:24,336 - libs.country_entity - INFO - Inizializzata Entità: Sri Lanka (LKA) -> 10208 record.
2026-05-16 12:00:26,437 - libs.country_entity - INFO - Inizializzata Entità: Madagascar (MDG) -> 108806 record.
2026-05-16 12:00:27,348 - libs.country_entity - INFO - Inizializzata Entità: Mali (MLI) -> 30624 record.
2026-05-16 12:00:28,088 - libs.country_entity - INFO - Inizializzata Entità: Myanmar (MMR) -> 67278 record.
2026-05-16 12:00:28,485 - libs.country_entity - INFO - Inizializzata Entità: Mozambique (MOZ) -> 23432 record.
2026-05-16 12:00:28,924 - libs.country_entity - INFO - Inizializzata Entità: Mauritania (MRT) -> 8120 record.
2026-05-16 12:00:29,551 - libs.country_entity - INFO - Inizializzata Entità: Malawi (MWI) -> 30159 record.
2026-05-16 12:00:29,777 - libs.country_entity - INFO - Inizializzata Entità: Niger (NER) -> 18560 record.
2026-05-16 12:00:29,983 - libs.country_entity - INFO - Inizializzata Entità: Nigeria (NGA) -> 17168 record.
2026-05-16 12:00:30,276 - libs.country_entity - INFO - Inizializzata Entità: Philippines (PHL) -> 25079 record.
2026-05-16 12:00:30,358 - libs.country_entity - INFO - Inizializzata Entità: Sudan (SDN) -> 4640 record.
2026-05-16 12:00:30,617 - libs.country_entity - INFO - Inizializzata Entità: Senegal (SEN) -> 15080 record.
2026-05-16 12:00:30,833 - libs.country_entity - INFO - Inizializzata Entità: Somalia (SOM) -> 10672 record.
2026-05-16 12:00:31,067 - libs.country_entity - INFO - Inizializzata Entità: South Sudan (SSD) -> 9279 record.
2026-05-16 12:00:31,510 - libs.country_entity - INFO - Inizializzata Entità: Chad (TCD) -> 17168 record.
2026-05-16 12:00:31,704 - libs.country_entity - INFO - Inizializzata Entità: Uganda (UGA) -> 10208 record.
2026-05-16 12:00:31,959 - libs.country_entity - INFO - Inizializzata Entità: Guinea (GIN) -> 4620 record.
2026-05-16 12:00:32,102 - libs.country_entity - INFO - Inizializzata Entità: Yemen, Rep. (YEM) -> 5174 record.
2026-05-16 12:00:32,227 - libs.country_entity - INFO - Inizializzata Entità: Congo, Rep. (COG) -> 2576 record.
2026-05-16 12:00:32,430 - libs.country_entity - INFO - Inizializzata Entità: Syrian Arab Republic (SYR) -> 17640 record.
2026-05-16 12:00:32,584 - libs.country_entity - INFO - Inizializzata Entità: Iraq (IRQ) -> 3440 record.
2026-05-16 12:00:32,700 - libs.country_entity - INFO - Inizializzata Entità: Lebanon (LBN) -> 4816 record.
2026-05-16 12:00:32,775 - libs.country_entity - INFO - Inizializzata Entità: Libya (LBY) -> 4704 record.
2026-05-16 12:00:33,107 - libs.wfp_plots - INFO - Router centrale WFPInteractivePlotter inizializzato.
2026-05-16 12:00:33,107 - libs.wfp_plots - INFO - Generazione mappa geospaziale richiesta per: ['AFG', 'YEM', 'SOM', 'ETH'] | Criterio: inflation_food_price_index
2026-05-16 12:00:34,511 - libs.wfp_plots - INFO - Generazione mappa geospaziale richiesta per: ['AFG', 'YEM', 'SOM', 'ETH'] | Criterio: wheat
2026-05-16 12:00:44,098 - libs.wfp_plots - INFO - Router centrale WFPInteractivePlotter inizializzato.
2026-05-16 12:00:44,099 - libs.wfp_plots - INFO - Generazione mappa geospaziale richiesta per: ['AFG', 'YEM', 'SOM', 'ETH'] | Criterio: inflation_food_price_index
2026-05-16 12:00:45,137 - libs.wfp_plots - INFO - Generazione mappa geospaziale richiesta per: ['AFG', 'YEM', 'SOM', 'ETH'] | Criterio: wheat
2026-05-16 12:01:23,963 - libs.wfp_plots - INFO - Router centrale WFPInteractivePlotter inizializzato.
2026-05-16 12:01:23,964 - libs.wfp_plots - INFO - Generazione mappa geospaziale richiesta per: ['AFG', 'YEM', 'SOM', 'ETH'] | Criterio: inflation_food_price_index
2026-05-16 12:01:25,017 - libs.wfp_plots - INFO - Generazione mappa geospaziale richiesta per: ['AFG', 'YEM', 'SOM', 'ETH'] | Criterio: wheat
2026-05-16 12:05:00,505 - libs.multi_country_manager - INFO - Caricamento Parquet: wfp_consolidated.parquet
2026-05-16 12:05:04,984 - libs.multi_country_manager - WARNING - Pandera non installato. Validazione schema saltata (pip install pandera).
2026-05-16 12:05:05,082 - libs.multi_country_manager - INFO - Istanziazione manager: 40 paesi unici rilevati.
2026-05-16 12:05:05,196 - libs.country_entity - INFO - Inizializzata Entità: Afghanistan (AFG) -> 9512 record.
2026-05-16 12:05:05,250 - libs.country_entity - INFO - Inizializzata Entità: Armenia (ARM) -> 3248 record.
2026-05-16 12:05:05,450 - libs.country_entity - INFO - Inizializzata Entità: Burundi (BDI) -> 17400 record.
2026-05-16 12:05:05,662 - libs.country_entity - INFO - Inizializzata Entità: Burkina Faso (BFA) -> 15080 record.
2026-05-16 12:05:05,855 - libs.country_entity - INFO - Inizializzata Entità: Bangladesh (BGD) -> 17863 record.
2026-05-16 12:05:05,999 - libs.country_entity - INFO - Inizializzata Entità: Central African Republic (CAF) -> 9976 record.
2026-05-16 12:05:06,271 - libs.country_entity - INFO - Inizializzata Entità: Cameroon (CMR) -> 19488 record.
2026-05-16 12:05:06,868 - libs.country_entity - INFO - Inizializzata Entità: Congo, Dem. Rep. (COD) -> 47559 record.
2026-05-16 12:05:07,134 - libs.country_entity - INFO - Inizializzata Entità: Ethiopia (ETH) -> 29927 record.
2026-05-16 12:05:07,217 - libs.country_entity - INFO - Inizializzata Entità: Gambia, The (GMB) -> 6728 record.
2026-05-16 12:05:07,322 - libs.country_entity - INFO - Inizializzata Entità: Guinea-Bissau (GNB) -> 10672 record.
2026-05-16 12:05:07,362 - libs.country_entity - INFO - Inizializzata Entità: Guatemala (GTM) -> 1160 record.
2026-05-16 12:05:07,417 - libs.country_entity - INFO - Inizializzata Entità: Haiti (HTI) -> 3016 record.
2026-05-16 12:05:07,890 - libs.country_entity - INFO - Inizializzata Entità: Indonesia (IDN) -> 51735 record.
2026-05-16 12:05:08,512 - libs.country_entity - INFO - Inizializzata Entità: Kenya (KEN) -> 54287 record.
2026-05-16 12:05:08,598 - libs.country_entity - INFO - Inizializzata Entità: Lao PDR (LAO) -> 4176 record.
2026-05-16 12:05:08,698 - libs.country_entity - INFO - Inizializzata Entità: Liberia (LBR) -> 6263 record.
2026-05-16 12:05:08,831 - libs.country_entity - INFO - Inizializzata Entità: Sri Lanka (LKA) -> 10208 record.
2026-05-16 12:05:10,228 - libs.country_entity - INFO - Inizializzata Entità: Madagascar (MDG) -> 108806 record.
2026-05-16 12:05:10,658 - libs.country_entity - INFO - Inizializzata Entità: Mali (MLI) -> 30624 record.
2026-05-16 12:05:11,479 - libs.country_entity - INFO - Inizializzata Entità: Myanmar (MMR) -> 67278 record.
2026-05-16 12:05:12,097 - libs.country_entity - INFO - Inizializzata Entità: Mozambique (MOZ) -> 23432 record.
2026-05-16 12:05:12,882 - libs.country_entity - INFO - Inizializzata Entità: Mauritania (MRT) -> 8120 record.
2026-05-16 12:05:13,487 - libs.country_entity - INFO - Inizializzata Entità: Malawi (MWI) -> 30159 record.
2026-05-16 12:05:13,737 - libs.country_entity - INFO - Inizializzata Entità: Niger (NER) -> 18560 record.
2026-05-16 12:05:13,951 - libs.country_entity - INFO - Inizializzata Entità: Nigeria (NGA) -> 17168 record.
2026-05-16 12:05:14,249 - libs.country_entity - INFO - Inizializzata Entità: Philippines (PHL) -> 25079 record.
2026-05-16 12:05:14,331 - libs.country_entity - INFO - Inizializzata Entità: Sudan (SDN) -> 4640 record.
2026-05-16 12:05:14,517 - libs.country_entity - INFO - Inizializzata Entità: Senegal (SEN) -> 15080 record.
2026-05-16 12:05:14,682 - libs.country_entity - INFO - Inizializzata Entità: Somalia (SOM) -> 10672 record.
2026-05-16 12:05:15,217 - libs.country_entity - INFO - Inizializzata Entità: South Sudan (SSD) -> 9279 record.
2026-05-16 12:05:15,594 - libs.country_entity - INFO - Inizializzata Entità: Chad (TCD) -> 17168 record.
2026-05-16 12:05:15,774 - libs.country_entity - INFO - Inizializzata Entità: Uganda (UGA) -> 10208 record.
2026-05-16 12:05:15,998 - libs.country_entity - INFO - Inizializzata Entità: Guinea (GIN) -> 4620 record.
2026-05-16 12:05:16,168 - libs.country_entity - INFO - Inizializzata Entità: Yemen, Rep. (YEM) -> 5174 record.
2026-05-16 12:05:16,340 - libs.country_entity - INFO - Inizializzata Entità: Congo, Rep. (COG) -> 2576 record.
2026-05-16 12:05:16,723 - libs.country_entity - INFO - Inizializzata Entità: Syrian Arab Republic (SYR) -> 17640 record.
2026-05-16 12:05:17,266 - libs.country_entity - INFO - Inizializzata Entità: Iraq (IRQ) -> 3440 record.
2026-05-16 12:05:17,497 - libs.country_entity - INFO - Inizializzata Entità: Lebanon (LBN) -> 4816 record.
2026-05-16 12:05:17,637 - libs.country_entity - INFO - Inizializzata Entità: Libya (LBY) -> 4704 record.
2026-05-16 12:05:18,207 - libs.wfp_plots - INFO - Router centrale WFPInteractivePlotter inizializzato.
2026-05-16 12:05:18,213 - libs.wfp_plots - INFO - Generazione mappa geospaziale richiesta per: ['AFG', 'YEM', 'SOM', 'ETH'] | Criterio: inflation_food_price_index
2026-05-16 12:06:01,583 - libs.wfp_plots - INFO - Router centrale WFPInteractivePlotter inizializzato.
2026-05-16 12:06:01,584 - libs.wfp_plots - INFO - Generazione mappa geospaziale richiesta per: ['AFG', 'YEM', 'SOM', 'ETH'] | Criterio: inflation_food_price_index
2026-05-16 12:06:46,575 - libs.multi_country_manager - INFO - Caricamento Parquet: wfp_consolidated.parquet
2026-05-16 12:06:50,353 - libs.multi_country_manager - WARNING - Pandera non installato. Validazione schema saltata (pip install pandera).
2026-05-16 12:06:50,443 - libs.multi_country_manager - INFO - Istanziazione manager: 40 paesi unici rilevati.
2026-05-16 12:06:50,539 - libs.country_entity - INFO - Inizializzata Entità: Afghanistan (AFG) -> 9512 record.
2026-05-16 12:06:50,594 - libs.country_entity - INFO - Inizializzata Entità: Armenia (ARM) -> 3248 record.
2026-05-16 12:06:50,732 - libs.country_entity - INFO - Inizializzata Entità: Burundi (BDI) -> 17400 record.
2026-05-16 12:06:50,875 - libs.country_entity - INFO - Inizializzata Entità: Burkina Faso (BFA) -> 15080 record.
2026-05-16 12:06:51,025 - libs.country_entity - INFO - Inizializzata Entità: Bangladesh (BGD) -> 17863 record.
2026-05-16 12:06:51,127 - libs.country_entity - INFO - Inizializzata Entità: Central African Republic (CAF) -> 9976 record.
2026-05-16 12:06:51,294 - libs.country_entity - INFO - Inizializzata Entità: Cameroon (CMR) -> 19488 record.
2026-05-16 12:06:51,735 - libs.country_entity - INFO - Inizializzata Entità: Congo, Dem. Rep. (COD) -> 47559 record.
2026-05-16 12:06:51,983 - libs.country_entity - INFO - Inizializzata Entità: Ethiopia (ETH) -> 29927 record.
2026-05-16 12:06:52,058 - libs.country_entity - INFO - Inizializzata Entità: Gambia, The (GMB) -> 6728 record.
2026-05-16 12:06:52,167 - libs.country_entity - INFO - Inizializzata Entità: Guinea-Bissau (GNB) -> 10672 record.
2026-05-16 12:06:52,206 - libs.country_entity - INFO - Inizializzata Entità: Guatemala (GTM) -> 1160 record.
2026-05-16 12:06:52,256 - libs.country_entity - INFO - Inizializzata Entità: Haiti (HTI) -> 3016 record.
2026-05-16 12:06:52,739 - libs.country_entity - INFO - Inizializzata Entità: Indonesia (IDN) -> 51735 record.
2026-05-16 12:06:53,314 - libs.country_entity - INFO - Inizializzata Entità: Kenya (KEN) -> 54287 record.
2026-05-16 12:06:53,380 - libs.country_entity - INFO - Inizializzata Entità: Lao PDR (LAO) -> 4176 record.
2026-05-16 12:06:53,456 - libs.country_entity - INFO - Inizializzata Entità: Liberia (LBR) -> 6263 record.
2026-05-16 12:06:53,561 - libs.country_entity - INFO - Inizializzata Entità: Sri Lanka (LKA) -> 10208 record.
2026-05-16 12:06:54,837 - libs.country_entity - INFO - Inizializzata Entità: Madagascar (MDG) -> 108806 record.
2026-05-16 12:06:55,233 - libs.country_entity - INFO - Inizializzata Entità: Mali (MLI) -> 30624 record.
2026-05-16 12:06:56,030 - libs.country_entity - INFO - Inizializzata Entità: Myanmar (MMR) -> 67278 record.
2026-05-16 12:06:56,895 - libs.country_entity - INFO - Inizializzata Entità: Mozambique (MOZ) -> 23432 record.
2026-05-16 12:06:57,010 - libs.country_entity - INFO - Inizializzata Entità: Mauritania (MRT) -> 8120 record.
2026-05-16 12:06:57,333 - libs.country_entity - INFO - Inizializzata Entità: Malawi (MWI) -> 30159 record.
2026-05-16 12:06:57,567 - libs.country_entity - INFO - Inizializzata Entità: Niger (NER) -> 18560 record.
2026-05-16 12:06:57,860 - libs.country_entity - INFO - Inizializzata Entità: Nigeria (NGA) -> 17168 record.
2026-05-16 12:06:58,649 - libs.country_entity - INFO - Inizializzata Entità: Philippines (PHL) -> 25079 record.
2026-05-16 12:06:58,775 - libs.country_entity - INFO - Inizializzata Entità: Sudan (SDN) -> 4640 record.
2026-05-16 12:06:59,187 - libs.country_entity - INFO - Inizializzata Entità: Senegal (SEN) -> 15080 record.
2026-05-16 12:07:00,091 - libs.country_entity - INFO - Inizializzata Entità: Somalia (SOM) -> 10672 record.
2026-05-16 12:07:00,327 - libs.country_entity - INFO - Inizializzata Entità: South Sudan (SSD) -> 9279 record.
2026-05-16 12:07:00,803 - libs.country_entity - INFO - Inizializzata Entità: Chad (TCD) -> 17168 record.
2026-05-16 12:07:00,942 - libs.country_entity - INFO - Inizializzata Entità: Uganda (UGA) -> 10208 record.
2026-05-16 12:07:01,125 - libs.country_entity - INFO - Inizializzata Entità: Guinea (GIN) -> 4620 record.
2026-05-16 12:07:01,217 - libs.country_entity - INFO - Inizializzata Entità: Yemen, Rep. (YEM) -> 5174 record.
2026-05-16 12:07:01,321 - libs.country_entity - INFO - Inizializzata Entità: Congo, Rep. (COG) -> 2576 record.
2026-05-16 12:07:01,508 - libs.country_entity - INFO - Inizializzata Entità: Syrian Arab Republic (SYR) -> 17640 record.
2026-05-16 12:07:01,637 - libs.country_entity - INFO - Inizializzata Entità: Iraq (IRQ) -> 3440 record.
2026-05-16 12:07:01,760 - libs.country_entity - INFO - Inizializzata Entità: Lebanon (LBN) -> 4816 record.
2026-05-16 12:07:01,891 - libs.country_entity - INFO - Inizializzata Entità: Libya (LBY) -> 4704 record.
2026-05-16 12:07:02,762 - libs.wfp_plots - INFO - Router centrale WFPInteractivePlotter inizializzato.
2026-05-16 12:07:02,763 - libs.wfp_plots - INFO - Generazione mappa geospaziale richiesta per: ['AFG', 'YEM', 'SOM', 'ETH'] | Criterio: inflation_food_price_index
2026-05-16 12:07:04,179 - libs.wfp_plots - INFO - Generazione mappa geospaziale richiesta per: ['AFG', 'YEM', 'SOM', 'ETH'] | Criterio: wheat
2026-05-16 12:25:25,053 - libs.multi_country_manager - INFO - Caricamento Parquet: wfp_consolidated.parquet
2026-05-16 12:25:30,967 - libs.multi_country_manager - WARNING - Pandera non installato. Validazione schema saltata (pip install pandera).
2026-05-16 12:25:31,142 - libs.multi_country_manager - INFO - Istanziazione manager: 40 paesi unici rilevati.
2026-05-16 12:25:31,411 - libs.country_entity - INFO - Inizializzata Entità: Afghanistan (AFG) -> 9512 record.
2026-05-16 12:25:31,478 - libs.country_entity - INFO - Inizializzata Entità: Armenia (ARM) -> 3248 record.
2026-05-16 12:25:31,676 - libs.country_entity - INFO - Inizializzata Entità: Burundi (BDI) -> 17400 record.
2026-05-16 12:25:31,842 - libs.country_entity - INFO - Inizializzata Entità: Burkina Faso (BFA) -> 15080 record.
2026-05-16 12:25:32,017 - libs.country_entity - INFO - Inizializzata Entità: Bangladesh (BGD) -> 17863 record.
2026-05-16 12:25:32,143 - libs.country_entity - INFO - Inizializzata Entità: Central African Republic (CAF) -> 9976 record.
2026-05-16 12:25:32,328 - libs.country_entity - INFO - Inizializzata Entità: Cameroon (CMR) -> 19488 record.
2026-05-16 12:25:32,767 - libs.country_entity - INFO - Inizializzata Entità: Congo, Dem. Rep. (COD) -> 47559 record.
2026-05-16 12:25:33,083 - libs.country_entity - INFO - Inizializzata Entità: Ethiopia (ETH) -> 29927 record.
2026-05-16 12:25:33,187 - libs.country_entity - INFO - Inizializzata Entità: Gambia, The (GMB) -> 6728 record.
2026-05-16 12:25:33,318 - libs.country_entity - INFO - Inizializzata Entità: Guinea-Bissau (GNB) -> 10672 record.
2026-05-16 12:25:33,359 - libs.country_entity - INFO - Inizializzata Entità: Guatemala (GTM) -> 1160 record.
2026-05-16 12:25:33,418 - libs.country_entity - INFO - Inizializzata Entità: Haiti (HTI) -> 3016 record.
2026-05-16 12:25:34,117 - libs.country_entity - INFO - Inizializzata Entità: Indonesia (IDN) -> 51735 record.
2026-05-16 12:25:35,081 - libs.country_entity - INFO - Inizializzata Entità: Kenya (KEN) -> 54287 record.
2026-05-16 12:25:35,200 - libs.country_entity - INFO - Inizializzata Entità: Lao PDR (LAO) -> 4176 record.
2026-05-16 12:25:35,317 - libs.country_entity - INFO - Inizializzata Entità: Liberia (LBR) -> 6263 record.
2026-05-16 12:25:35,467 - libs.country_entity - INFO - Inizializzata Entità: Sri Lanka (LKA) -> 10208 record.
2026-05-16 12:25:38,397 - libs.country_entity - INFO - Inizializzata Entità: Madagascar (MDG) -> 108806 record.
2026-05-16 12:25:38,857 - libs.country_entity - INFO - Inizializzata Entità: Mali (MLI) -> 30624 record.
2026-05-16 12:25:39,969 - libs.country_entity - INFO - Inizializzata Entità: Myanmar (MMR) -> 67278 record.
2026-05-16 12:25:40,757 - libs.country_entity - INFO - Inizializzata Entità: Mozambique (MOZ) -> 23432 record.
2026-05-16 12:25:40,893 - libs.country_entity - INFO - Inizializzata Entità: Mauritania (MRT) -> 8120 record.
2026-05-16 12:25:41,306 - libs.country_entity - INFO - Inizializzata Entità: Malawi (MWI) -> 30159 record.
2026-05-16 12:25:41,703 - libs.country_entity - INFO - Inizializzata Entità: Niger (NER) -> 18560 record.
2026-05-16 12:25:42,224 - libs.country_entity - INFO - Inizializzata Entità: Nigeria (NGA) -> 17168 record.
2026-05-16 12:25:44,066 - libs.country_entity - INFO - Inizializzata Entità: Philippines (PHL) -> 25079 record.
2026-05-16 12:25:44,235 - libs.country_entity - INFO - Inizializzata Entità: Sudan (SDN) -> 4640 record.
2026-05-16 12:25:44,719 - libs.country_entity - INFO - Inizializzata Entità: Senegal (SEN) -> 15080 record.
2026-05-16 12:25:44,890 - libs.country_entity - INFO - Inizializzata Entità: Somalia (SOM) -> 10672 record.
2026-05-16 12:25:45,042 - libs.country_entity - INFO - Inizializzata Entità: South Sudan (SSD) -> 9279 record.
2026-05-16 12:25:45,314 - libs.country_entity - INFO - Inizializzata Entità: Chad (TCD) -> 17168 record.
2026-05-16 12:25:45,483 - libs.country_entity - INFO - Inizializzata Entità: Uganda (UGA) -> 10208 record.
2026-05-16 12:25:45,661 - libs.country_entity - INFO - Inizializzata Entità: Guinea (GIN) -> 4620 record.
2026-05-16 12:25:45,797 - libs.country_entity - INFO - Inizializzata Entità: Yemen, Rep. (YEM) -> 5174 record.
2026-05-16 12:25:45,912 - libs.country_entity - INFO - Inizializzata Entità: Congo, Rep. (COG) -> 2576 record.
2026-05-16 12:25:46,084 - libs.country_entity - INFO - Inizializzata Entità: Syrian Arab Republic (SYR) -> 17640 record.
2026-05-16 12:25:46,184 - libs.country_entity - INFO - Inizializzata Entità: Iraq (IRQ) -> 3440 record.
2026-05-16 12:25:46,258 - libs.country_entity - INFO - Inizializzata Entità: Lebanon (LBN) -> 4816 record.
2026-05-16 12:25:46,326 - libs.country_entity - INFO - Inizializzata Entità: Libya (LBY) -> 4704 record.
2026-05-16 12:25:46,698 - libs.wfp_plots - INFO - WFPInteractivePlotter inizializzato con 4 engine grafici.
2026-05-16 12:25:46,700 - libs.wfp_plots - INFO - [GEO] Heatmap: ['AFG', 'YEM', 'SOM', 'ETH'] | inflation_food_price_index | 2026/None
2026-05-16 12:25:48,023 - libs.wfp_plots - INFO - [GEO] Heatmap: ['AFG', 'YEM', 'SOM', 'ETH'] | wheat | 2026/3
2026-05-16 12:25:48,476 - libs.wfp_plots - INFO - [TS] Inflation comparison: ['AFG', 'YEM', 'ETH']
2026-05-16 12:25:48,725 - libs.wfp_plots - INFO - [TS] Commodity cross-country: wheat | ['AFG', 'YEM', 'ETH']
2026-05-16 12:32:29,604 - libs.multi_country_manager - INFO - Caricamento Parquet: wfp_consolidated.parquet
2026-05-16 12:32:35,494 - libs.multi_country_manager - WARNING - Pandera non installato. Validazione schema saltata (pip install pandera).
2026-05-16 12:32:35,679 - libs.multi_country_manager - INFO - Istanziazione manager: 40 paesi unici rilevati.
2026-05-16 12:32:35,943 - libs.country_entity - INFO - Inizializzata Entità: Afghanistan (AFG) -> 9512 record.
2026-05-16 12:32:36,004 - libs.country_entity - INFO - Inizializzata Entità: Armenia (ARM) -> 3248 record.
2026-05-16 12:32:36,234 - libs.country_entity - INFO - Inizializzata Entità: Burundi (BDI) -> 17400 record.
2026-05-16 12:32:36,471 - libs.country_entity - INFO - Inizializzata Entità: Burkina Faso (BFA) -> 15080 record.
2026-05-16 12:32:36,697 - libs.country_entity - INFO - Inizializzata Entità: Bangladesh (BGD) -> 17863 record.
2026-05-16 12:32:36,894 - libs.country_entity - INFO - Inizializzata Entità: Central African Republic (CAF) -> 9976 record.
2026-05-16 12:32:37,117 - libs.country_entity - INFO - Inizializzata Entità: Cameroon (CMR) -> 19488 record.
2026-05-16 12:32:37,563 - libs.country_entity - INFO - Inizializzata Entità: Congo, Dem. Rep. (COD) -> 47559 record.
2026-05-16 12:32:37,878 - libs.country_entity - INFO - Inizializzata Entità: Ethiopia (ETH) -> 29927 record.
2026-05-16 12:32:37,990 - libs.country_entity - INFO - Inizializzata Entità: Gambia, The (GMB) -> 6728 record.
2026-05-16 12:32:38,130 - libs.country_entity - INFO - Inizializzata Entità: Guinea-Bissau (GNB) -> 10672 record.
2026-05-16 12:32:38,178 - libs.country_entity - INFO - Inizializzata Entità: Guatemala (GTM) -> 1160 record.
2026-05-16 12:32:38,234 - libs.country_entity - INFO - Inizializzata Entità: Haiti (HTI) -> 3016 record.
2026-05-16 12:32:38,883 - libs.country_entity - INFO - Inizializzata Entità: Indonesia (IDN) -> 51735 record.
2026-05-16 12:32:39,566 - libs.country_entity - INFO - Inizializzata Entità: Kenya (KEN) -> 54287 record.
2026-05-16 12:32:39,674 - libs.country_entity - INFO - Inizializzata Entità: Lao PDR (LAO) -> 4176 record.
2026-05-16 12:32:39,835 - libs.country_entity - INFO - Inizializzata Entità: Liberia (LBR) -> 6263 record.
2026-05-16 12:32:40,033 - libs.country_entity - INFO - Inizializzata Entità: Sri Lanka (LKA) -> 10208 record.
2026-05-16 12:32:42,347 - libs.country_entity - INFO - Inizializzata Entità: Madagascar (MDG) -> 108806 record.
2026-05-16 12:32:43,097 - libs.country_entity - INFO - Inizializzata Entità: Mali (MLI) -> 30624 record.
2026-05-16 12:32:43,830 - libs.country_entity - INFO - Inizializzata Entità: Myanmar (MMR) -> 67278 record.
2026-05-16 12:32:44,267 - libs.country_entity - INFO - Inizializzata Entità: Mozambique (MOZ) -> 23432 record.
2026-05-16 12:32:44,510 - libs.country_entity - INFO - Inizializzata Entità: Mauritania (MRT) -> 8120 record.
2026-05-16 12:32:45,484 - libs.country_entity - INFO - Inizializzata Entità: Malawi (MWI) -> 30159 record.
2026-05-16 12:32:46,649 - libs.country_entity - INFO - Inizializzata Entità: Niger (NER) -> 18560 record.
2026-05-16 12:32:47,083 - libs.country_entity - INFO - Inizializzata Entità: Nigeria (NGA) -> 17168 record.
2026-05-16 12:32:47,406 - libs.country_entity - INFO - Inizializzata Entità: Philippines (PHL) -> 25079 record.
2026-05-16 12:32:47,487 - libs.country_entity - INFO - Inizializzata Entità: Sudan (SDN) -> 4640 record.
2026-05-16 12:32:47,687 - libs.country_entity - INFO - Inizializzata Entità: Senegal (SEN) -> 15080 record.
2026-05-16 12:32:47,837 - libs.country_entity - INFO - Inizializzata Entità: Somalia (SOM) -> 10672 record.
2026-05-16 12:32:47,984 - libs.country_entity - INFO - Inizializzata Entità: South Sudan (SSD) -> 9279 record.
2026-05-16 12:32:48,341 - libs.country_entity - INFO - Inizializzata Entità: Chad (TCD) -> 17168 record.
2026-05-16 12:32:48,833 - libs.country_entity - INFO - Inizializzata Entità: Uganda (UGA) -> 10208 record.
2026-05-16 12:32:49,580 - libs.country_entity - INFO - Inizializzata Entità: Guinea (GIN) -> 4620 record.
2026-05-16 12:32:49,807 - libs.country_entity - INFO - Inizializzata Entità: Yemen, Rep. (YEM) -> 5174 record.
2026-05-16 12:32:49,947 - libs.country_entity - INFO - Inizializzata Entità: Congo, Rep. (COG) -> 2576 record.
2026-05-16 12:32:50,169 - libs.country_entity - INFO - Inizializzata Entità: Syrian Arab Republic (SYR) -> 17640 record.
2026-05-16 12:32:50,373 - libs.country_entity - INFO - Inizializzata Entità: Iraq (IRQ) -> 3440 record.
2026-05-16 12:32:50,482 - libs.country_entity - INFO - Inizializzata Entità: Lebanon (LBN) -> 4816 record.
2026-05-16 12:32:50,563 - libs.country_entity - INFO - Inizializzata Entità: Libya (LBY) -> 4704 record.
2026-05-16 12:32:50,883 - libs.wfp_plots - INFO - WFPInteractivePlotter inizializzato con 4 engine grafici.
2026-05-16 12:32:50,885 - libs.wfp_plots - INFO - [GEO] Heatmap: ['AFG', 'YEM', 'SOM', 'ETH'] | inflation_food_price_index | 2026/None
2026-05-16 12:35:13,854 - libs.multi_country_manager - INFO - Caricamento Parquet: wfp_consolidated.parquet
2026-05-16 12:35:18,903 - libs.multi_country_manager - WARNING - Pandera non installato. Validazione schema saltata (pip install pandera).
2026-05-16 12:35:19,126 - libs.multi_country_manager - INFO - Istanziazione manager: 40 paesi unici rilevati.
2026-05-16 12:35:19,256 - libs.country_entity - INFO - Inizializzata Entità: Afghanistan (AFG) -> 9512 record.
2026-05-16 12:35:19,318 - libs.country_entity - INFO - Inizializzata Entità: Armenia (ARM) -> 3248 record.
2026-05-16 12:35:19,467 - libs.country_entity - INFO - Inizializzata Entità: Burundi (BDI) -> 17400 record.
2026-05-16 12:35:19,624 - libs.country_entity - INFO - Inizializzata Entità: Burkina Faso (BFA) -> 15080 record.
2026-05-16 12:35:19,788 - libs.country_entity - INFO - Inizializzata Entità: Bangladesh (BGD) -> 17863 record.
2026-05-16 12:35:19,898 - libs.country_entity - INFO - Inizializzata Entità: Central African Republic (CAF) -> 9976 record.
2026-05-16 12:35:20,097 - libs.country_entity - INFO - Inizializzata Entità: Cameroon (CMR) -> 19488 record.
2026-05-16 12:35:20,518 - libs.country_entity - INFO - Inizializzata Entità: Congo, Dem. Rep. (COD) -> 47559 record.
2026-05-16 12:35:20,811 - libs.country_entity - INFO - Inizializzata Entità: Ethiopia (ETH) -> 29927 record.
2026-05-16 12:35:20,909 - libs.country_entity - INFO - Inizializzata Entità: Gambia, The (GMB) -> 6728 record.
2026-05-16 12:35:21,426 - libs.country_entity - INFO - Inizializzata Entità: Guinea-Bissau (GNB) -> 10672 record.
2026-05-16 12:35:21,469 - libs.country_entity - INFO - Inizializzata Entità: Guatemala (GTM) -> 1160 record.
2026-05-16 12:35:21,526 - libs.country_entity - INFO - Inizializzata Entità: Haiti (HTI) -> 3016 record.
2026-05-16 12:35:22,066 - libs.country_entity - INFO - Inizializzata Entità: Indonesia (IDN) -> 51735 record.
2026-05-16 12:35:22,746 - libs.country_entity - INFO - Inizializzata Entità: Kenya (KEN) -> 54287 record.
2026-05-16 12:35:22,933 - libs.country_entity - INFO - Inizializzata Entità: Lao PDR (LAO) -> 4176 record.
2026-05-16 12:35:23,115 - libs.country_entity - INFO - Inizializzata Entità: Liberia (LBR) -> 6263 record.
2026-05-16 12:35:23,245 - libs.country_entity - INFO - Inizializzata Entità: Sri Lanka (LKA) -> 10208 record.
2026-05-16 12:35:25,017 - libs.country_entity - INFO - Inizializzata Entità: Madagascar (MDG) -> 108806 record.
2026-05-16 12:35:26,094 - libs.country_entity - INFO - Inizializzata Entità: Mali (MLI) -> 30624 record.
2026-05-16 12:35:26,788 - libs.country_entity - INFO - Inizializzata Entità: Myanmar (MMR) -> 67278 record.
2026-05-16 12:35:27,080 - libs.country_entity - INFO - Inizializzata Entità: Mozambique (MOZ) -> 23432 record.
2026-05-16 12:35:27,210 - libs.country_entity - INFO - Inizializzata Entità: Mauritania (MRT) -> 8120 record.
2026-05-16 12:35:27,577 - libs.country_entity - INFO - Inizializzata Entità: Malawi (MWI) -> 30159 record.
2026-05-16 12:35:27,916 - libs.country_entity - INFO - Inizializzata Entità: Niger (NER) -> 18560 record.
2026-05-16 12:35:28,832 - libs.country_entity - INFO - Inizializzata Entità: Nigeria (NGA) -> 17168 record.
2026-05-16 12:35:30,258 - libs.country_entity - INFO - Inizializzata Entità: Philippines (PHL) -> 25079 record.
2026-05-16 12:35:30,409 - libs.country_entity - INFO - Inizializzata Entità: Sudan (SDN) -> 4640 record.
2026-05-16 12:35:30,649 - libs.country_entity - INFO - Inizializzata Entità: Senegal (SEN) -> 15080 record.
2026-05-16 12:35:30,781 - libs.country_entity - INFO - Inizializzata Entità: Somalia (SOM) -> 10672 record.
2026-05-16 12:35:30,945 - libs.country_entity - INFO - Inizializzata Entità: South Sudan (SSD) -> 9279 record.
2026-05-16 12:35:31,430 - libs.country_entity - INFO - Inizializzata Entità: Chad (TCD) -> 17168 record.
2026-05-16 12:35:32,833 - libs.country_entity - INFO - Inizializzata Entità: Uganda (UGA) -> 10208 record.
2026-05-16 12:35:33,239 - libs.country_entity - INFO - Inizializzata Entità: Guinea (GIN) -> 4620 record.
2026-05-16 12:35:33,367 - libs.country_entity - INFO - Inizializzata Entità: Yemen, Rep. (YEM) -> 5174 record.
2026-05-16 12:35:33,467 - libs.country_entity - INFO - Inizializzata Entità: Congo, Rep. (COG) -> 2576 record.
2026-05-16 12:35:33,670 - libs.country_entity - INFO - Inizializzata Entità: Syrian Arab Republic (SYR) -> 17640 record.
2026-05-16 12:35:33,735 - libs.country_entity - INFO - Inizializzata Entità: Iraq (IRQ) -> 3440 record.
2026-05-16 12:35:33,811 - libs.country_entity - INFO - Inizializzata Entità: Lebanon (LBN) -> 4816 record.
2026-05-16 12:35:33,876 - libs.country_entity - INFO - Inizializzata Entità: Libya (LBY) -> 4704 record.
2026-05-16 12:35:34,336 - libs.wfp_plots - INFO - WFPInteractivePlotter inizializzato con 4 engine grafici.
2026-05-16 12:35:34,338 - libs.wfp_plots - INFO - [GEO] Heatmap: ['AFG', 'YEM', 'SOM', 'ETH'] | inflation_food_price_index | 2026/None
2026-05-16 12:35:52,540 - libs.wfp_plots - INFO - WFPInteractivePlotter inizializzato con 4 engine grafici.
2026-05-16 12:35:52,540 - libs.wfp_plots - INFO - [GEO] Heatmap: ['AFG', 'YEM', 'SOM', 'ETH'] | inflation_food_price_index | 2026/None
2026-05-16 12:36:08,303 - libs.multi_country_manager - INFO - Caricamento Parquet: wfp_consolidated.parquet
2026-05-16 12:36:10,346 - libs.multi_country_manager - WARNING - Pandera non installato. Validazione schema saltata (pip install pandera).
2026-05-16 12:36:10,431 - libs.multi_country_manager - INFO - Istanziazione manager: 40 paesi unici rilevati.
2026-05-16 12:36:10,550 - libs.country_entity - INFO - Inizializzata Entità: Afghanistan (AFG) -> 9512 record.
2026-05-16 12:36:10,619 - libs.country_entity - INFO - Inizializzata Entità: Armenia (ARM) -> 3248 record.
2026-05-16 12:36:10,782 - libs.country_entity - INFO - Inizializzata Entità: Burundi (BDI) -> 17400 record.
2026-05-16 12:36:10,939 - libs.country_entity - INFO - Inizializzata Entità: Burkina Faso (BFA) -> 15080 record.
2026-05-16 12:36:11,092 - libs.country_entity - INFO - Inizializzata Entità: Bangladesh (BGD) -> 17863 record.
2026-05-16 12:36:11,192 - libs.country_entity - INFO - Inizializzata Entità: Central African Republic (CAF) -> 9976 record.
2026-05-16 12:36:11,358 - libs.country_entity - INFO - Inizializzata Entità: Cameroon (CMR) -> 19488 record.
2026-05-16 12:36:12,300 - libs.country_entity - INFO - Inizializzata Entità: Congo, Dem. Rep. (COD) -> 47559 record.
2026-05-16 12:36:12,546 - libs.country_entity - INFO - Inizializzata Entità: Ethiopia (ETH) -> 29927 record.
2026-05-16 12:36:12,622 - libs.country_entity - INFO - Inizializzata Entità: Gambia, The (GMB) -> 6728 record.
2026-05-16 12:36:12,718 - libs.country_entity - INFO - Inizializzata Entità: Guinea-Bissau (GNB) -> 10672 record.
2026-05-16 12:36:12,757 - libs.country_entity - INFO - Inizializzata Entità: Guatemala (GTM) -> 1160 record.
2026-05-16 12:36:12,803 - libs.country_entity - INFO - Inizializzata Entità: Haiti (HTI) -> 3016 record.
2026-05-16 12:36:13,452 - libs.country_entity - INFO - Inizializzata Entità: Indonesia (IDN) -> 51735 record.
2026-05-16 12:36:14,013 - libs.country_entity - INFO - Inizializzata Entità: Kenya (KEN) -> 54287 record.
2026-05-16 12:36:14,087 - libs.country_entity - INFO - Inizializzata Entità: Lao PDR (LAO) -> 4176 record.
2026-05-16 12:36:14,236 - libs.country_entity - INFO - Inizializzata Entità: Liberia (LBR) -> 6263 record.
2026-05-16 12:36:14,384 - libs.country_entity - INFO - Inizializzata Entità: Sri Lanka (LKA) -> 10208 record.
2026-05-16 12:36:15,769 - libs.country_entity - INFO - Inizializzata Entità: Madagascar (MDG) -> 108806 record.
2026-05-16 12:36:16,144 - libs.country_entity - INFO - Inizializzata Entità: Mali (MLI) -> 30624 record.
2026-05-16 12:36:17,185 - libs.country_entity - INFO - Inizializzata Entità: Myanmar (MMR) -> 67278 record.
2026-05-16 12:36:17,561 - libs.country_entity - INFO - Inizializzata Entità: Mozambique (MOZ) -> 23432 record.
2026-05-16 12:36:17,717 - libs.country_entity - INFO - Inizializzata Entità: Mauritania (MRT) -> 8120 record.
2026-05-16 12:36:18,537 - libs.country_entity - INFO - Inizializzata Entità: Malawi (MWI) -> 30159 record.
2026-05-16 12:36:19,328 - libs.country_entity - INFO - Inizializzata Entità: Niger (NER) -> 18560 record.
2026-05-16 12:36:19,825 - libs.country_entity - INFO - Inizializzata Entità: Nigeria (NGA) -> 17168 record.
2026-05-16 12:36:20,321 - libs.country_entity - INFO - Inizializzata Entità: Philippines (PHL) -> 25079 record.
2026-05-16 12:36:20,401 - libs.country_entity - INFO - Inizializzata Entità: Sudan (SDN) -> 4640 record.
2026-05-16 12:36:20,601 - libs.country_entity - INFO - Inizializzata Entità: Senegal (SEN) -> 15080 record.
2026-05-16 12:36:20,749 - libs.country_entity - INFO - Inizializzata Entità: Somalia (SOM) -> 10672 record.
2026-05-16 12:36:20,878 - libs.country_entity - INFO - Inizializzata Entità: South Sudan (SSD) -> 9279 record.
2026-05-16 12:36:21,113 - libs.country_entity - INFO - Inizializzata Entità: Chad (TCD) -> 17168 record.
2026-05-16 12:36:21,296 - libs.country_entity - INFO - Inizializzata Entità: Uganda (UGA) -> 10208 record.
2026-05-16 12:36:21,511 - libs.country_entity - INFO - Inizializzata Entità: Guinea (GIN) -> 4620 record.
2026-05-16 12:36:22,127 - libs.country_entity - INFO - Inizializzata Entità: Yemen, Rep. (YEM) -> 5174 record.
2026-05-16 12:36:22,633 - libs.country_entity - INFO - Inizializzata Entità: Congo, Rep. (COG) -> 2576 record.
2026-05-16 12:36:23,031 - libs.country_entity - INFO - Inizializzata Entità: Syrian Arab Republic (SYR) -> 17640 record.
2026-05-16 12:36:23,237 - libs.country_entity - INFO - Inizializzata Entità: Iraq (IRQ) -> 3440 record.
2026-05-16 12:36:23,319 - libs.country_entity - INFO - Inizializzata Entità: Lebanon (LBN) -> 4816 record.
2026-05-16 12:36:23,396 - libs.country_entity - INFO - Inizializzata Entità: Libya (LBY) -> 4704 record.
2026-05-16 12:36:23,569 - libs.wfp_plots - INFO - WFPInteractivePlotter inizializzato con 4 engine grafici.
2026-05-16 12:36:23,570 - libs.wfp_plots - INFO - [GEO] Heatmap: ['AFG', 'YEM', 'SOM', 'ETH'] | inflation_food_price_index | 2026/None
2026-05-16 12:39:50,365 - libs.multi_country_manager - INFO - Caricamento Parquet: wfp_consolidated.parquet
2026-05-16 12:39:54,416 - libs.multi_country_manager - WARNING - Pandera non installato. Validazione schema saltata (pip install pandera).
2026-05-16 12:39:54,555 - libs.multi_country_manager - INFO - Istanziazione manager: 40 paesi unici rilevati.
2026-05-16 12:39:54,675 - libs.country_entity - INFO - Inizializzata Entità: Afghanistan (AFG) -> 9512 record.
2026-05-16 12:39:54,734 - libs.country_entity - INFO - Inizializzata Entità: Armenia (ARM) -> 3248 record.
2026-05-16 12:39:54,877 - libs.country_entity - INFO - Inizializzata Entità: Burundi (BDI) -> 17400 record.
2026-05-16 12:39:55,017 - libs.country_entity - INFO - Inizializzata Entità: Burkina Faso (BFA) -> 15080 record.
2026-05-16 12:39:55,181 - libs.country_entity - INFO - Inizializzata Entità: Bangladesh (BGD) -> 17863 record.
2026-05-16 12:39:55,296 - libs.country_entity - INFO - Inizializzata Entità: Central African Republic (CAF) -> 9976 record.
2026-05-16 12:39:55,476 - libs.country_entity - INFO - Inizializzata Entità: Cameroon (CMR) -> 19488 record.
2026-05-16 12:39:55,896 - libs.country_entity - INFO - Inizializzata Entità: Congo, Dem. Rep. (COD) -> 47559 record.
2026-05-16 12:39:56,207 - libs.country_entity - INFO - Inizializzata Entità: Ethiopia (ETH) -> 29927 record.
2026-05-16 12:39:56,306 - libs.country_entity - INFO - Inizializzata Entità: Gambia, The (GMB) -> 6728 record.
2026-05-16 12:39:56,431 - libs.country_entity - INFO - Inizializzata Entità: Guinea-Bissau (GNB) -> 10672 record.
2026-05-16 12:39:56,474 - libs.country_entity - INFO - Inizializzata Entità: Guatemala (GTM) -> 1160 record.
2026-05-16 12:39:56,526 - libs.country_entity - INFO - Inizializzata Entità: Haiti (HTI) -> 3016 record.
2026-05-16 12:39:57,088 - libs.country_entity - INFO - Inizializzata Entità: Indonesia (IDN) -> 51735 record.
2026-05-16 12:39:57,821 - libs.country_entity - INFO - Inizializzata Entità: Kenya (KEN) -> 54287 record.
2026-05-16 12:39:57,919 - libs.country_entity - INFO - Inizializzata Entità: Lao PDR (LAO) -> 4176 record.
2026-05-16 12:39:58,059 - libs.country_entity - INFO - Inizializzata Entità: Liberia (LBR) -> 6263 record.
2026-05-16 12:39:58,191 - libs.country_entity - INFO - Inizializzata Entità: Sri Lanka (LKA) -> 10208 record.
2026-05-16 12:40:00,930 - libs.country_entity - INFO - Inizializzata Entità: Madagascar (MDG) -> 108806 record.
2026-05-16 12:40:01,342 - libs.country_entity - INFO - Inizializzata Entità: Mali (MLI) -> 30624 record.
2026-05-16 12:40:02,713 - libs.country_entity - INFO - Inizializzata Entità: Myanmar (MMR) -> 67278 record.
2026-05-16 12:40:03,067 - libs.country_entity - INFO - Inizializzata Entità: Mozambique (MOZ) -> 23432 record.
2026-05-16 12:40:03,249 - libs.country_entity - INFO - Inizializzata Entità: Mauritania (MRT) -> 8120 record.
2026-05-16 12:40:04,434 - libs.country_entity - INFO - Inizializzata Entità: Malawi (MWI) -> 30159 record.
2026-05-16 12:40:04,766 - libs.country_entity - INFO - Inizializzata Entità: Niger (NER) -> 18560 record.
2026-05-16 12:40:05,027 - libs.country_entity - INFO - Inizializzata Entità: Nigeria (NGA) -> 17168 record.
2026-05-16 12:40:06,057 - libs.country_entity - INFO - Inizializzata Entità: Philippines (PHL) -> 25079 record.
2026-05-16 12:40:06,240 - libs.country_entity - INFO - Inizializzata Entità: Sudan (SDN) -> 4640 record.
2026-05-16 12:40:06,535 - libs.country_entity - INFO - Inizializzata Entità: Senegal (SEN) -> 15080 record.
2026-05-16 12:40:06,708 - libs.country_entity - INFO - Inizializzata Entità: Somalia (SOM) -> 10672 record.
2026-05-16 12:40:06,890 - libs.country_entity - INFO - Inizializzata Entità: South Sudan (SSD) -> 9279 record.
2026-05-16 12:40:07,302 - libs.country_entity - INFO - Inizializzata Entità: Chad (TCD) -> 17168 record.
2026-05-16 12:40:07,594 - libs.country_entity - INFO - Inizializzata Entità: Uganda (UGA) -> 10208 record.
2026-05-16 12:40:07,885 - libs.country_entity - INFO - Inizializzata Entità: Guinea (GIN) -> 4620 record.
2026-05-16 12:40:08,050 - libs.country_entity - INFO - Inizializzata Entità: Yemen, Rep. (YEM) -> 5174 record.
2026-05-16 12:40:08,357 - libs.country_entity - INFO - Inizializzata Entità: Congo, Rep. (COG) -> 2576 record.
2026-05-16 12:40:08,907 - libs.country_entity - INFO - Inizializzata Entità: Syrian Arab Republic (SYR) -> 17640 record.
2026-05-16 12:40:09,332 - libs.country_entity - INFO - Inizializzata Entità: Iraq (IRQ) -> 3440 record.
2026-05-16 12:40:09,439 - libs.country_entity - INFO - Inizializzata Entità: Lebanon (LBN) -> 4816 record.
2026-05-16 12:40:09,525 - libs.country_entity - INFO - Inizializzata Entità: Libya (LBY) -> 4704 record.
2026-05-16 12:40:09,870 - libs.wfp_plots - INFO - WFPInteractivePlotter inizializzato con 4 engine grafici.
2026-05-16 12:40:09,870 - libs.wfp_plots - INFO - [GEO] Heatmap: ['AFG', 'YEM', 'SOM', 'ETH'] | inflation_food_price_index | 2026/None
2026-05-16 12:40:10,326 - libs.wfp_plots - INFO - [GEO] Heatmap: ['AFG', 'YEM', 'SOM', 'ETH'] | wheat | 2026/3
2026-05-16 12:40:10,433 - libs.wfp_plots - INFO - [TS] Inflation comparison: ['AFG', 'YEM', 'ETH']
2026-05-16 12:40:10,715 - libs.wfp_plots - INFO - [TS] Commodity cross-country: wheat | ['AFG', 'YEM', 'ETH']
2026-05-16 12:41:59,053 - libs.wfp_plots - INFO - [TS] Inflation comparison: ['AFG', 'YEM', 'ETH']
2026-05-16 12:41:59,246 - libs.wfp_plots - INFO - [TS] Commodity cross-country: wheat | ['AFG', 'YEM', 'ETH']
2026-05-16 12:44:50,213 - libs.multi_country_manager - INFO - Caricamento Parquet: wfp_consolidated.parquet
2026-05-16 12:47:30,354 - libs.multi_country_manager - INFO - Caricamento Parquet: wfp_consolidated.parquet
2026-05-16 12:50:23,847 - libs.multi_country_manager - INFO - Caricamento Parquet: wfp_consolidated.parquet
2026-05-16 12:51:52,636 - libs.multi_country_manager - INFO - Caricamento Parquet: wfp_consolidated.parquet
2026-05-16 12:55:59,274 - libs.multi_country_manager - INFO - Caricamento rapido Parquet: wfp_consolidated.parquet
2026-05-16 12:56:03,228 - libs.multi_country_manager - WARNING - Validazione schema saltata (Pandera non attivo).
2026-05-16 12:56:03,228 - libs.multi_country_manager - INFO - Costruzione mappa dei mercati per Lazy Loading...
2026-05-16 12:56:03,330 - libs.multi_country_manager - INFO - ✅ Inizializzazione completata! 40 paesi pronti per il caricamento on-demand.
2026-05-16 12:56:03,330 - libs.wfp_plots - INFO - WFPInteractivePlotter inizializzato con 4 engine grafici.
2026-05-16 12:56:03,341 - libs.wfp_plots - INFO - [GEO] Heatmap: ['AFG', 'YEM', 'SOM'] | inflation_food_price_index | 2026/None
2026-05-16 12:56:03,821 - libs.wfp_plots - INFO - [GEO] Choropleth: [] | inflation_food_price_index | year=2026
2026-05-16 12:56:07,493 - libs.wfp_plots - INFO - [GEO] Regional strip map: YEM | wheat
2026-05-16 12:56:07,494 - libs.multi_country_manager - INFO - Istanziazione Lazy (on-demand) per il paese: YEM...
2026-05-16 12:56:07,583 - libs.country_entity - INFO - Inizializzata Entità: Yemen, Rep. (YEM) -> 5174 record.
2026-05-16 12:56:07,664 - libs.wfp_plots - INFO - [GEO] Time animation: AFG | wheat | by=month
2026-05-16 12:56:07,664 - libs.multi_country_manager - INFO - Istanziazione Lazy (on-demand) per il paese: AFG...
2026-05-16 12:56:07,747 - libs.country_entity - INFO - Inizializzata Entità: Afghanistan (AFG) -> 9512 record.
2026-05-16 12:56:07,837 - libs.wfp_plots - INFO - [TS] Inflation comparison: ['AFG', 'YEM', 'SOM']
2026-05-16 12:56:07,870 - libs.multi_country_manager - INFO - Istanziazione Lazy (on-demand) per il paese: SOM...
2026-05-16 12:56:07,976 - libs.country_entity - INFO - Inizializzata Entità: Somalia (SOM) -> 10672 record.
2026-05-16 12:56:08,111 - libs.wfp_plots - INFO - [TS] Candlestick: AFG | wheat
2026-05-16 12:56:08,172 - libs.wfp_plots - INFO - [TS] Shock heatmap: YEM
2026-05-16 12:56:08,209 - libs.wfp_plots - INFO - [TS] Volatility ribbon: YEM | window=3
2026-05-16 12:56:08,267 - libs.wfp_plots - INFO - [DIST] Commodity ranking: AFG
2026-05-16 12:56:08,304 - libs.wfp_plots - INFO - [DIST] Price distribution: YEM | wheat
2026-05-16 12:56:08,339 - libs.wfp_plots - INFO - [DIST] Country scatter: inflation_food_price_index vs data_coverage
2026-05-16 12:56:08,665 - libs.wfp_plots - INFO - [DIST] Market coverage mosaic: 2026
2026-05-16 12:56:10,969 - libs.wfp_plots - INFO - [CORR] Correlation matrix: AFG | pearson
2026-05-16 12:56:11,007 - libs.wfp_plots - INFO - [CORR] Lead-lag: AFG | wheat vs bread
2026-05-16 12:56:11,036 - libs.wfp_plots - INFO - [CORR] Momentum overview: YEM
2026-05-16 18:18:46,194 - libs.multi_country_manager - INFO - Caricamento rapido Parquet: wfp_consolidated.parquet
2026-05-16 18:18:52,825 - libs.multi_country_manager - WARNING - Validazione schema saltata (Pandera non attivo).
2026-05-16 18:18:52,943 - libs.multi_country_manager - INFO - Costruzione mappa dei mercati per Lazy Loading...
2026-05-16 18:18:53,114 - libs.multi_country_manager - INFO - ✅ Inizializzazione completata! 40 paesi pronti per il caricamento on-demand.
2026-05-16 18:18:53,126 - libs.wfp_plots - INFO - WFPInteractivePlotter inizializzato con 4 engine grafici.
2026-05-16 18:18:53,177 - libs.wfp_plots - INFO - [GEO] Heatmap: ['AFG', 'YEM', 'SOM'] | inflation_food_price_index | 2026/None
2026-05-16 18:18:54,123 - libs.wfp_plots - INFO - [GEO] Choropleth: [] | inflation_food_price_index | year=2026
2026-05-16 18:19:02,189 - libs.wfp_plots - INFO - [GEO] Regional strip map: YEM | wheat
2026-05-16 18:19:02,190 - libs.multi_country_manager - INFO - Istanziazione Lazy (on-demand) per il paese: YEM...
2026-05-16 18:19:02,441 - libs.country_entity - INFO - Inizializzata Entità: Yemen, Rep. (YEM) -> 5174 record.
2026-05-16 18:20:22,065 - libs.multi_country_manager - INFO - Caricamento rapido Parquet: wfp_consolidated.parquet
2026-05-16 18:20:27,821 - libs.multi_country_manager - WARNING - Validazione schema saltata (Pandera non attivo).
2026-05-16 18:20:27,890 - libs.multi_country_manager - INFO - Costruzione mappa dei mercati per Lazy Loading...
2026-05-16 18:20:28,020 - libs.multi_country_manager - INFO - ✅ Inizializzazione completata! 40 paesi pronti per il caricamento on-demand.
2026-05-16 18:20:28,027 - libs.wfp_plots - INFO - WFPInteractivePlotter inizializzato con 4 engine grafici.
2026-05-16 18:20:28,069 - libs.wfp_plots - INFO - [GEO] Heatmap: ['AFG', 'YEM', 'SOM'] | inflation_food_price_index | 2026/None
2026-05-16 18:20:28,694 - libs.wfp_plots - INFO - [GEO] Choropleth: [] | inflation_food_price_index | year=2026
2026-05-16 18:20:38,462 - libs.wfp_plots - INFO - [GEO] Regional strip map: YEM | wheat
2026-05-16 18:20:38,466 - libs.multi_country_manager - INFO - Istanziazione Lazy (on-demand) per il paese: YEM...
2026-05-16 18:20:38,666 - libs.country_entity - INFO - Inizializzata Entità: Yemen, Rep. (YEM) -> 5174 record.
2026-05-16 18:20:38,766 - libs.wfp_plots - INFO - [GEO] Time animation: AFG | wheat | by=month
2026-05-16 18:20:38,767 - libs.multi_country_manager - INFO - Istanziazione Lazy (on-demand) per il paese: AFG...
2026-05-16 18:20:38,889 - libs.country_entity - INFO - Inizializzata Entità: Afghanistan (AFG) -> 9512 record.
2026-05-16 18:20:39,048 - libs.wfp_plots - INFO - [TS] Inflation comparison: ['AFG', 'YEM', 'SOM']
2026-05-16 18:20:39,095 - libs.multi_country_manager - INFO - Istanziazione Lazy (on-demand) per il paese: SOM...
2026-05-16 18:20:39,369 - libs.country_entity - INFO - Inizializzata Entità: Somalia (SOM) -> 10672 record.
2026-05-16 18:20:39,624 - libs.wfp_plots - INFO - [TS] Candlestick: AFG | wheat
2026-05-16 18:20:39,692 - libs.wfp_plots - INFO - [TS] Shock heatmap: YEM
2026-05-16 18:20:39,733 - libs.wfp_plots - INFO - [TS] Volatility ribbon: YEM | window=3
2026-05-16 18:20:39,823 - libs.wfp_plots - INFO - [DIST] Commodity ranking: AFG
2026-05-16 18:20:39,881 - libs.wfp_plots - INFO - [DIST] Price distribution: YEM | wheat
2026-05-16 18:20:39,920 - libs.wfp_plots - INFO - [DIST] Country scatter: inflation_food_price_index vs data_coverage
2026-05-16 18:20:40,285 - libs.wfp_plots - INFO - [DIST] Market coverage mosaic: 2026
2026-05-16 18:20:49,547 - libs.wfp_plots - INFO - [CORR] Correlation matrix: AFG | pearson
2026-05-16 18:20:49,604 - libs.wfp_plots - INFO - [CORR] Lead-lag: AFG | wheat vs bread
2026-05-16 18:20:49,644 - libs.wfp_plots - INFO - [CORR] Momentum overview: YEM
